// Jest Snapshot v1, https://goo.gl/fbAQLP

exports[`Movie info must be snapshot 1`] = `
Object {
  "adult": false,
  "backdrop_path": "/52lVqTDhIeNTjT7EiJuovXgw6iE.jpg",
  "belongs_to_collection": null,
  "budget": 65000000,
  "genres": Array [
    Object {
      "id": 12,
      "name": "Adventure",
    },
    Object {
      "id": 14,
      "name": "Fantasy",
    },
    Object {
      "id": 10751,
      "name": "Family",
    },
  ],
  "homepage": "",
  "id": 8844,
  "imdb_id": "tt0113497",
  "original_language": "en",
  "original_title": "Jumanji",
  "overview": "When siblings Judy and Peter discover an enchanted board game that opens the door to a magical world, they unwittingly invite Alan -- an adult who's been trapped inside the game for 26 years -- into their living room. Alan's only hope for freedom is to finish the game, which proves risky as all three find themselves running from giant rhinoceroses, evil monkeys and other terrifying creatures.",
  "popularity": 17.428288,
  "poster_path": "/vzmL6fP7aPKNKPRTFnZmiUfciyV.jpg",
  "production_companies": Array [
    Object {
      "id": 559,
      "name": "TriStar Pictures",
    },
    Object {
      "id": 2550,
      "name": "Teitler Film",
    },
    Object {
      "id": 10201,
      "name": "Interscope Communications",
    },
  ],
  "production_countries": Array [
    Object {
      "iso_3166_1": "US",
      "name": "United States of America",
    },
  ],
  "release_date": "1995-12-15",
  "revenue": 262797249,
  "runtime": 104,
  "spoken_languages": Array [
    Object {
      "iso_639_1": "en",
      "name": "English",
    },
    Object {
      "iso_639_1": "fr",
      "name": "Fran√ßais",
    },
  ],
  "status": "Released",
  "tagline": "Roll the dice and unleash the excitement!",
  "title": "Jumanji",
  "video": false,
  "vote_average": 6.9,
  "vote_count": 2262,
}
`;
